// Jest Snapshot v1, https://goo.gl/fbAQLP

exports[`App correctly renders 1`] = `
<Switch>
  <React.Fragment>
    <GlobalIcons />
    <Route
      component={
        Object {
          "$$typeof": Symbol(react.memo),
          "WrappedComponent": [Function],
          "compare": null,
          "displayName": "Connect(Main)",
          "type": [Function],
        }
      }
      exact={true}
      path="/"
    />
    <Route
      component={
        Object {
          "$$typeof": Symbol(react.memo),
          "WrappedComponent": [Function],
          "compare": null,
          "displayName": "Connect(WithPublicRouter)",
          "type": [Function],
        }
      }
      path="/login"
    />
    <Route
      component={
        Object {
          "$$typeof": Symbol(react.memo),
          "WrappedComponent": [Function],
          "compare": null,
          "displayName": "Connect(WithPrivateRouter)",
          "type": [Function],
        }
      }
      path="/mylist"
    />
    <Route
      component={
        Object {
          "$$typeof": Symbol(react.memo),
          "WrappedComponent": [Function],
          "compare": null,
          "displayName": "Connect(WithPrivateRouter)",
          "type": [Function],
        }
      }
      path="/film/:id/review"
    />
    <Route
      component={
        Object {
          "$$typeof": Symbol(react.memo),
          "WrappedComponent": [Function],
          "compare": null,
          "displayName": "Connect(MovieDetails)",
          "type": [Function],
        }
      }
      exact={true}
      path="/film/:id"
    />
  </React.Fragment>
</Switch>
`;
