// Jest Snapshot v1, https://goo.gl/fbAQLP

exports[`Film list correctly renders 1`] = `
<div
  className="catalog__movies-list"
>
  <article
    className="small-movie-card catalog__movies-card"
  >
    <a
      href="/film/1"
      onClick={[Function]}
    >
      <div
        className="small-movie-card__image"
        onMouseOut={[Function]}
        onMouseOver={[Function]}
      >
        <img
          alt="War of the Worlds"
          height="175"
          src="https://es31-server.appspot.com/wtw/static/film/preview/war-of-the-worlds.jpg"
          width="280"
        />
      </div>
    </a>
    <h3
      className="small-movie-card__title"
    >
      <a
        className="small-movie-card__link"
        href="/film/1"
        onClick={[Function]}
      >
        War of the Worlds
      </a>
    </h3>
  </article>
</div>
`;
